
> temp@0.1.0 build
> next build

  Γû▓ Next.js 14.2.35

   Creating an optimized production build ...
node.exe :  ΓÜá Found lockfile 
missing swc dependencies, 
patching...
At C:\Program 
Files\nodejs\npm.ps1:29 char:3
+   & $NODE_EXE $NPM_CLI_JS 
$args
+   
~~~~~~~~~~~~~~~~~~~~~~~~~~~~~
    + CategoryInfo          : N 
   otSpecified: ( ΓÜá Found lo  
  ck...es, patching...:String   
 ) [], RemoteException
    + FullyQualifiedErrorId : N 
   ativeCommandError
 
 Γ¿» Failed to patch lockfile, 
please try uninstalling and 
reinstalling next in this 
workspace
TypeError: Cannot read 
properties of undefined 
(reading 'os')
    at fetchPkgInfo (D:\STIS 
SEM 6\LOMBA WEB DESIGN\DRAFT\ReC
harge\node_modules\next\dist\lib
\patch-incorrect-lockfile.js:73:
25)
    at process.processTicksAndRe
jections (node:internal/process/
task_queues:105:5)
    at async Promise.all (index 
7)
    at async 
patchIncorrectLockfile (D:\STIS 
SEM 6\LOMBA WEB DESIGN\DRAFT\ReC
harge\node_modules\next\dist\lib
\patch-incorrect-lockfile.js:162
:26)
 ΓÜá Found lockfile missing swc 
dependencies, patching...
 ΓÜá Found lockfile missing swc 
dependencies, patching...
Failed to compile.

./app/globals.css.webpack[javasc
ript/auto]!=!./node_modules/next
/dist/build/webpack/loaders/css-
loader/src/index.js??ruleSet[1].
rules[14].oneOf[12].use[2]!./nod
e_modules/next/dist/build/webpac
k/loaders/postcss-loader/src/ind
ex.js??ruleSet[1].rules[14].oneO
f[12].use[3]!./app/globals.css
Error: Package path 
./dist/tailwind.css is not 
exported from package D:\STIS 
SEM 6\LOMBA WEB DESIGN\DRAFT\ReC
harge\node_modules\shadcn (see 
exports field in D:\STIS SEM 
6\LOMBA WEB DESIGN\DRAFT\ReCharg
e\node_modules\shadcn\package.js
on)
    at D:\STIS SEM 6\LOMBA WEB D
ESIGN\DRAFT\ReCharge\node_module
s\next\dist\compiled\webpack\bun
dle5.js:1:180261
    at Hook.eval [as callAsync] 
(eval at create (D:\STIS SEM 
6\LOMBA WEB DESIGN\DRAFT\ReCharg
e\node_modules\next\dist\compile
d\webpack\bundle5.js:13:28858), 
<anonymous>:22:1)
    at Hook.CALL_ASYNC_DELEGATE 
[as _callAsync] (D:\STIS SEM 
6\LOMBA WEB DESIGN\DRAFT\ReCharg
e\node_modules\next\dist\compile
d\webpack\bundle5.js:13:26012)
    at Resolver.doResolve 
(D:\STIS SEM 6\LOMBA WEB DESIGN\
DRAFT\ReCharge\node_modules\next
\dist\compiled\webpack\bundle5.j
s:1:194006)
    at D:\STIS SEM 6\LOMBA WEB D
ESIGN\DRAFT\ReCharge\node_module
s\next\dist\compiled\webpack\bun
dle5.js:1:176744
    at D:\STIS SEM 6\LOMBA WEB D
ESIGN\DRAFT\ReCharge\node_module
s\next\dist\compiled\webpack\bun
dle5.js:1:177928
    at D:\STIS SEM 6\LOMBA WEB D
ESIGN\DRAFT\ReCharge\node_module
s\next\dist\compiled\webpack\bun
dle5.js:1:209682
    at onJson (D:\STIS SEM 
6\LOMBA WEB DESIGN\DRAFT\ReCharg
e\node_modules\next\dist\compile
d\webpack\bundle5.js:1:177847)
    at Array.<anonymous> 
(D:\STIS SEM 6\LOMBA WEB DESIGN\
DRAFT\ReCharge\node_modules\next
\dist\compiled\webpack\bundle5.j
s:1:177384)
    at runCallbacks (D:\STIS 
SEM 6\LOMBA WEB DESIGN\DRAFT\ReC
harge\node_modules\next\dist\com
piled\webpack\bundle5.js:1:16795
8)

Import trace for requested 
module:
./app/globals.css.webpack[javasc
ript/auto]!=!./node_modules/next
/dist/build/webpack/loaders/css-
loader/src/index.js??ruleSet[1].
rules[14].oneOf[12].use[2]!./nod
e_modules/next/dist/build/webpac
k/loaders/postcss-loader/src/ind
ex.js??ruleSet[1].rules[14].oneO
f[12].use[3]!./app/globals.css
./app/globals.css

./app/globals.css
SyntaxError: Unexpected token, 
expected "," (16:3)
    at unexpected (D:\STIS SEM 
6\LOMBA WEB DESIGN\DRAFT\ReCharg
e\node_modules\sucrase\dist\pars
er\traverser\util.js:99:15)
    at expect (D:\STIS SEM 
6\LOMBA WEB DESIGN\DRAFT\ReCharg
e\node_modules\sucrase\dist\pars
er\traverser\util.js:86:5)
    at parseObj (D:\STIS SEM 
6\LOMBA WEB DESIGN\DRAFT\ReCharg
e\node_modules\sucrase\dist\pars
er\traverser\expression.js:759:2
0)
    at parseExprAtom (D:\STIS 
SEM 6\LOMBA WEB DESIGN\DRAFT\ReC
harge\node_modules\sucrase\dist\
parser\traverser\expression.js:5
53:7)
    at parseExprSubscripts 
(D:\STIS SEM 6\LOMBA WEB DESIGN\
DRAFT\ReCharge\node_modules\sucr
ase\dist\parser\traverser\expres
sion.js:276:20)
    at parseMaybeUnary (D:\STIS 
SEM 6\LOMBA WEB DESIGN\DRAFT\ReC
harge\node_modules\sucrase\dist\
parser\traverser\expression.js:2
57:20)
    at parseExprOps (D:\STIS 
SEM 6\LOMBA WEB DESIGN\DRAFT\ReC
harge\node_modules\sucrase\dist\
parser\traverser\expression.js:1
85:20)
    at parseMaybeConditional 
(D:\STIS SEM 6\LOMBA WEB DESIGN\
DRAFT\ReCharge\node_modules\sucr
ase\dist\parser\traverser\expres
sion.js:157:20)
    at baseParseMaybeAssign 
(D:\STIS SEM 6\LOMBA WEB DESIGN\
DRAFT\ReCharge\node_modules\sucr
ase\dist\parser\traverser\expres
sion.js:142:20)
    at 
tsParseMaybeAssignWithoutJSX 
(D:\STIS SEM 6\LOMBA WEB DESIGN\
DRAFT\ReCharge\node_modules\sucr
ase\dist\parser\plugins\typescri
pt.js:1580:45)
    at tryRunOrWebpackError 
(D:\STIS SEM 6\LOMBA WEB DESIGN\
DRAFT\ReCharge\node_modules\next
\dist\compiled\webpack\bundle5.j
s:28:312989)
    at 
__webpack_require_module__ 
(D:\STIS SEM 6\LOMBA WEB DESIGN\
DRAFT\ReCharge\node_modules\next
\dist\compiled\webpack\bundle5.j
s:28:131165)
    at __nested_webpack_require_
153728__ (D:\STIS SEM 6\LOMBA 
WEB DESIGN\DRAFT\ReCharge\node_m
odules\next\dist\compiled\webpac
k\bundle5.js:28:130607)
    at D:\STIS SEM 6\LOMBA WEB D
ESIGN\DRAFT\ReCharge\node_module
s\next\dist\compiled\webpack\bun
dle5.js:28:131454
    at symbolIterator (D:\STIS 
SEM 6\LOMBA WEB DESIGN\DRAFT\ReC
harge\node_modules\next\dist\com
piled\neo-async\async.js:1:14444
)
    at done (D:\STIS SEM 
6\LOMBA WEB DESIGN\DRAFT\ReCharg
e\node_modules\next\dist\compile
d\neo-async\async.js:1:14824)
    at Hook.eval [as callAsync] 
(eval at create (D:\STIS SEM 
6\LOMBA WEB DESIGN\DRAFT\ReCharg
e\node_modules\next\dist\compile
d\webpack\bundle5.js:13:28858), 
<anonymous>:15:1)
    at Hook.CALL_ASYNC_DELEGATE 
[as _callAsync] (D:\STIS SEM 
6\LOMBA WEB DESIGN\DRAFT\ReCharg
e\node_modules\next\dist\compile
d\webpack\bundle5.js:13:26012)
    at D:\STIS SEM 6\LOMBA WEB D
ESIGN\DRAFT\ReCharge\node_module
s\next\dist\compiled\webpack\bun
dle5.js:28:130328
    at symbolIterator (D:\STIS 
SEM 6\LOMBA WEB DESIGN\DRAFT\ReC
harge\node_modules\next\dist\com
piled\neo-async\async.js:1:14402
)
-- inner error --
SyntaxError: Unexpected token, 
expected "," (16:3)
    at unexpected (D:\STIS SEM 
6\LOMBA WEB DESIGN\DRAFT\ReCharg
e\node_modules\sucrase\dist\pars
er\traverser\util.js:99:15)
    at expect (D:\STIS SEM 
6\LOMBA WEB DESIGN\DRAFT\ReCharg
e\node_modules\sucrase\dist\pars
er\traverser\util.js:86:5)
    at parseObj (D:\STIS SEM 
6\LOMBA WEB DESIGN\DRAFT\ReCharg
e\node_modules\sucrase\dist\pars
er\traverser\expression.js:759:2
0)
    at parseExprAtom (D:\STIS 
SEM 6\LOMBA WEB DESIGN\DRAFT\ReC
harge\node_modules\sucrase\dist\
parser\traverser\expression.js:5
53:7)
    at parseExprSubscripts 
(D:\STIS SEM 6\LOMBA WEB DESIGN\
DRAFT\ReCharge\node_modules\sucr
ase\dist\parser\traverser\expres
sion.js:276:20)
    at parseMaybeUnary (D:\STIS 
SEM 6\LOMBA WEB DESIGN\DRAFT\ReC
harge\node_modules\sucrase\dist\
parser\traverser\expression.js:2
57:20)
    at parseExprOps (D:\STIS 
SEM 6\LOMBA WEB DESIGN\DRAFT\ReC
harge\node_modules\sucrase\dist\
parser\traverser\expression.js:1
85:20)
    at parseMaybeConditional 
(D:\STIS SEM 6\LOMBA WEB DESIGN\
DRAFT\ReCharge\node_modules\sucr
ase\dist\parser\traverser\expres
sion.js:157:20)
    at baseParseMaybeAssign 
(D:\STIS SEM 6\LOMBA WEB DESIGN\
DRAFT\ReCharge\node_modules\sucr
ase\dist\parser\traverser\expres
sion.js:142:20)
    at 
tsParseMaybeAssignWithoutJSX 
(D:\STIS SEM 6\LOMBA WEB DESIGN\
DRAFT\ReCharge\node_modules\sucr
ase\dist\parser\plugins\typescri
pt.js:1580:45)
    at Object.<anonymous> 
(D:\STIS SEM 6\LOMBA WEB DESIGN\
DRAFT\ReCharge\node_modules\next
\dist\build\webpack\loaders\css-
loader\src\index.js??ruleSet[1].
rules[14].oneOf[12].use[2]!D:\ST
IS SEM 6\LOMBA WEB DESIGN\DRAFT\
ReCharge\node_modules\next\dist\
build\webpack\loaders\postcss-lo
ader\src\index.js??ruleSet[1].ru
les[14].oneOf[12].use[3]!D:\STIS
 SEM 6\LOMBA WEB DESIGN\DRAFT\Re
Charge\app\globals.css:1:7)
    at D:\STIS SEM 6\LOMBA WEB D
ESIGN\DRAFT\ReCharge\node_module
s\next\dist\compiled\webpack\bun
dle5.js:28:922493
    at Hook.eval [as call] 
(eval at create (D:\STIS SEM 
6\LOMBA WEB DESIGN\DRAFT\ReCharg
e\node_modules\next\dist\compile
d\webpack\bundle5.js:13:28636), 
<anonymous>:7:1)
    at Hook.CALL_DELEGATE [as 
_call] (D:\STIS SEM 6\LOMBA WEB 
DESIGN\DRAFT\ReCharge\node_modul
es\next\dist\compiled\webpack\bu
ndle5.js:13:25906)
    at D:\STIS SEM 6\LOMBA WEB D
ESIGN\DRAFT\ReCharge\node_module
s\next\dist\compiled\webpack\bun
dle5.js:28:131198
    at tryRunOrWebpackError 
(D:\STIS SEM 6\LOMBA WEB DESIGN\
DRAFT\ReCharge\node_modules\next
\dist\compiled\webpack\bundle5.j
s:28:312943)
    at 
__webpack_require_module__ 
(D:\STIS SEM 6\LOMBA WEB DESIGN\
DRAFT\ReCharge\node_modules\next
\dist\compiled\webpack\bundle5.j
s:28:131165)
    at __nested_webpack_require_
153728__ (D:\STIS SEM 6\LOMBA 
WEB DESIGN\DRAFT\ReCharge\node_m
odules\next\dist\compiled\webpac
k\bundle5.js:28:130607)
    at D:\STIS SEM 6\LOMBA WEB D
ESIGN\DRAFT\ReCharge\node_module
s\next\dist\compiled\webpack\bun
dle5.js:28:131454
    at symbolIterator (D:\STIS 
SEM 6\LOMBA WEB DESIGN\DRAFT\ReC
harge\node_modules\next\dist\com
piled\neo-async\async.js:1:14444
)

Generated code for D:\STIS SEM 
6\LOMBA WEB DESIGN\DRAFT\ReCharg
e\node_modules\next\dist\build\w
ebpack\loaders\css-loader\src\in
dex.js??ruleSet[1].rules[14].one
Of[12].use[2]!D:\STIS SEM 
6\LOMBA WEB DESIGN\DRAFT\ReCharg
e\node_modules\next\dist\build\w
ebpack\loaders\postcss-loader\sr
c\index.js??ruleSet[1].rules[14]
.oneOf[12].use[3]!D:\STIS SEM 
6\LOMBA WEB DESIGN\DRAFT\ReCharg
e\app\globals.css

Import trace for requested 
module:
./app/globals.css


> Build failed because of 
webpack errors
